77
293
292
284
285
284
294
235
358
304
292
284
278
302
308
296
298
296
286
287
285
296
313
296
283
285
279
283
292
294
298
304
290
279
288
284
309
303
297
289
301
285
284
295
304
317
296
280
289
292
287
301
299
297
292
284
281
291
303
300
299
290
280
287
281
285
308
305
296
282
283
283
294
292
