    0:00.050       18     +    0    0    0	(N
    0:00.214       77     N    0    0    0
    0:01.028      370     N    0    0    0
    0:01.839      662     N    0    0    0
    0:02.628      946     N    0    0    0
    0:03.419     1231     N    0    0    0
    0:04.208     1515     N    0    0    0
    0:05.025     1809     N    0    0    0
    0:05.678     2044     A    0    0    0
    0:06.672     2402     N    0    0    0
    0:07.517     2706     N    0    0    0
    0:08.328     2998     N    0    0    0
    0:09.117     3282     N    0    0    0
    0:09.889     3560     N    0    0    0
    0:10.728     3862     N    0    0    0
    0:11.583     4170     N    0    0    0
    0:12.406     4466     N    0    0    0
    0:13.233     4764     N    0    0    0
    0:14.056     5060     N    0    0    0
    0:14.850     5346     N    0    0    0
    0:15.647     5633     N    0    0    0
    0:16.439     5918     N    0    0    0
    0:17.261     6214     N    0    0    0
    0:18.131     6527     N    0    0    0
    0:18.953     6823     N    0    0    0
    0:19.739     7106     N    0    0    0
    0:20.531     7391     N    0    0    0
    0:21.306     7670     N    0    0    0
    0:22.092     7953     N    0    0    0
    0:22.903     8245     N    0    0    0
    0:23.719     8539     N    0    0    0
    0:24.547     8837     N    0    0    0
    0:25.392     9141     N    0    0    0
    0:26.197     9431     N    0    0    0
    0:26.972     9710     N    0    0    0
    0:27.772     9998     N    0    0    0
    0:28.561    10282     N    0    0    0
    0:29.419    10591     N    0    0    0
    0:30.261    10894     N    0    0    0
    0:31.086    11191     N    0    0    0
    0:31.889    11480     N    0    0    0
    0:32.725    11781     N    0    0    0
    0:33.517    12066     N    0    0    0
    0:34.306    12350     N    0    0    0
    0:35.125    12645     N    0    0    0
    0:35.969    12949     N    0    0    0
    0:36.850    13266     N    0    0    0
    0:37.672    13562     N    0    0    0
    0:38.450    13842     N    0    0    0
    0:39.253    14131     N    0    0    0
    0:40.064    14423     N    0    0    0
    0:40.861    14710     N    0    0    0
    0:41.697    15011     N    0    0    0
    0:42.528    15310     N    0    0    0
    0:43.353    15607     N    0    0    0
    0:44.164    15899     N    0    0    0
    0:44.953    16183     N    0    0    0
    0:45.733    16464     N    0    0    0
    0:46.542    16755     N    0    0    0
    0:47.383    17058     N    0    0    0
    0:48.217    17358     N    0    0    0
    0:49.047    17657     N    0    0    0
    0:49.853    17947     N    0    0    0
    0:50.631    18227     N    0    0    0
    0:51.428    18514     N    0    0    0
    0:52.208    18795     N    0    0    0
    0:53.000    19080     N    0    0    0
    0:53.856    19388     N    0    0    0
    0:54.703    19693     N    0    0    0
    0:55.525    19989     N    0    0    0
    0:56.308    20271     N    0    0    0
    0:57.094    20554     N    0    0    0
    0:57.881    20837     N    0    0    0
    0:58.697    21131     N    0    0    0
    0:59.508    21423     N    0    0    0
