VE run-by-run comparison results for record 100s
Reference annotator: atr
     Test annotator: ann

               Algorithm Run Length
          0    1    2    3    4    5   >5
     ____________________________________
   0 |         0    0    0    0    0    0
   1 |    0    0    0    0    0    0    0
   2 |    0    0    0    0    0    0    0
   3 |    0    0    0    0    0    0    0
   4 |    0    0    0    0    0    0    0
   5 |    0    0    0    0    0    0    0
  >5 |    0    0    0    0    0    0    0

      (Run Sensitivity Summary Matrix)


               Algorithm Run Length
          0    1    2    3    4    5   >5
     ____________________________________
   0 |         0    0    0    0    0    0
   1 |    0    0    0    0    0    0    0
   2 |    0    0    0    0    0    0    0
   3 |    0    0    0    0    0    0    0
   4 |    0    0    0    0    0    0    0
   5 |    0    0    0    0    0    0    0
  >5 |    0    0    0    0    0    0    0

 (Run Positive Predictivity Summary Matrix)

            Couplet sensitivity:   -  (0/0)
  Couplet positive predictivity:   -  (0/0)
          Short run sensitivity:   -  (0/0)
Short run positive predictivity:   -  (0/0)
           Long run sensitivity:   -  (0/0)
 Long run positive predictivity:   -  (0/0)

