N	    73
A	     1
+	     1

N	     1 episode      1:00

Both signals clean	     1 episode      1:00
