Record Nn' Vn' Fn' On'  Nv   Vv  Fv' Ov' No' Vo' Fo'  Q Se   Q +P   V Se   V +P  V FPR
 200  1415  27   1  14  29  667   0  27  22   6   1  98.66  98.12  95.29  92.25  3.769
 201  1271   0   1   0   0  198   1   0  50   0   0  96.71 100.00 100.00 100.00  0.000
 202  1846   1   1   0   5   14   0   0   4   0   0  99.79 100.00  93.33  73.68  0.270
 203  2035   8   1  19  59  359   4  13   9   6   0  99.40  98.72  96.25  83.29  3.385
______________________________________________________________________________________
Sum    6567  36   4  33  93 1238   5  40  85  12   1
Gross                                                   98.78  99.09  96.27  90.30  1.974
Average                                                 98.64  99.21  96.22  87.31  1.856
Total QRS complexes: 8041  Total VEBs: 1286

Summary of results from 4 records
