73.7201
73.7201
73.8394
74.3013
75.3502
75.957
75.8451
75.9444
75.3018
74.0083
82.231
81.2781
65.9494
63.8481
69.2069
72.464
74.2828
75.3733
76.6856
76.8203
73.9244
71.1439
70.4472
71.3145
72.6898
72.6818
72.6138
72.8587
74.107
75.3433
75.3534
75.4476
75.5396
74.2091
72.0262
70.0445
70.4738
72.6138
74.8073
76.1852
75.9174
76.5546
77.1568
76.6594
75.3645
74.1393
73.6721
73.1927
72.6996
71.8355
71.4918
73.1393
75.3719
76.773
76.1425
75.2406
75.7688
73.3557
70.3905
70.7065
71.6312
72.3512
73.5605
74.236
72.9196
72.8687
74.883
75.9185
75.5004
74.0869
72.4074
71.2346
69.5067
68.8639
71.281
74.3398
76.3046
75.8216
74.5506
74.1667
74.5346
74.6928
73.0249
71.9061
72.1461
72.4705
72.8971
73.5333
74.673
75.7532
76.5007
76.1639
74.8432
72.8795
71.4928
71.7267
72.0682
72.1886
73.2559
74.7685
76.2044
76.4477
75.623
76.1809
76.5537
76.0142
72.9597
70.2295
70.5744
71.4597
72.5363
74.6938
76.4533
76.4085
76.3251
75.984
74.5561
73.6218
73.8734
