Record 100s
Notes
=====
 69 M 1085 1629 x1
 Aldomet, Inderal
Produced by xform from record 100, beginning at 0:0
=====

Starting time: not specified
Length:     1:00.000 (21600 sample intervals)
Sampling frequency: 360 Hz
2 signals
Group 0, Signal 0:
 File: 100s.dat
 Description: MLII
 Gain: 200 adu/mV
 Initial value: 995
 Storage format: 212
 I/O: can be unbuffered
 ADC resolution: 11 bits
 ADC zero: 1024
 Baseline: 1024
 Checksum: 21537
Group 0, Signal 1:
 File: 100s.dat
 Description: V5
 Gain: 200 adu/mV
 Initial value: 1011
 Storage format: 212
 I/O: can be unbuffered
 ADC resolution: 11 bits
 ADC zero: 1024
 Baseline: 1024
 Checksum: -3962
